// Jest Snapshot v1, https://goo.gl/fbAQLP

exports[`diff should be able to add child nodes 1`] = `"<div id="test"><h1 id="title">Hello</h1></div>"`;

exports[`diff should be able to add child nodes 2`] = `"<div id="test"><h1 id="header">Hello</h1><p>Lorem ipsum</p></div>"`;

exports[`diff should be able to diff child components 1`] = `"<div><button>Hello</button></div>"`;

exports[`diff should be able to diff child components 2`] = `"<div><button>World</button></div>"`;

exports[`diff should be able to diff functional components 1`] = `"<h1>test</h1>"`;

exports[`diff should be able to diff functional components 2`] = `"<h1>updated</h1>"`;

exports[`diff should be able to diff multiple child components 1`] = `"<div><div><button>Hello</button></div></div>"`;

exports[`diff should be able to diff multiple child components 2`] = `"<div><div><button>World</button></div></div>"`;

exports[`diff should be able to diff root components 1`] = `"<h1>Hello</h1>"`;

exports[`diff should be able to diff root components 2`] = `"<h1>World</h1>"`;

exports[`diff should be able to remove child nodes 1`] = `"<div id="test"><h1 id="title">Hello</h1><p>Lorem ipsum</p></div>"`;

exports[`diff should be able to remove child nodes 2`] = `"<div id="test"><h1 id="header">Hello</h1></div>"`;

exports[`diff should be able to update child nodes 1`] = `"<div id="test"><h1 id="title">Hello</h1></div>"`;

exports[`diff should be able to update child nodes 2`] = `"<div id="test"><h1 id="header">Hello</h1></div>"`;

exports[`diff should be able to update text child nodes 1`] = `"<div id="test"><h1 id="title">Hello</h1></div>"`;

exports[`diff should be able to update text child nodes 2`] = `"<div id="test"><h1 id="header">World</h1></div>"`;

exports[`diff should be replace the node if the old vnode is null 1`] = `"<div id="test"></div>"`;
