// Jest Snapshot v1, https://goo.gl/fbAQLP

exports[`Component calls the onUpdated function when state changes 1`] = `"<div><h1>Hello</h1></div>"`;

exports[`Component calls the onUpdated function when state changes 2`] = `"<div><h1>Hello</h1></div>"`;

exports[`Component should be able to patch a component 1`] = `"<div><h1>Hello World</h1></div>"`;

exports[`Component should be able to render a component 1`] = `"<div><h1>Hello World</h1></div>"`;

exports[`Component should change the _el when replacing the root node 1`] = `"<div><h1>Hello World</h1></div>"`;

exports[`Component should change the _el when replacing the root node 2`] = `"<div><h1>Hello World</h1></div>"`;

exports[`Component should not patch a component when the _el is not defined 1`] = `"<div><h1>Hello</h1></div>"`;

exports[`Component should patch a component when the state changes 1`] = `"<div><h1>Hello</h1></div>"`;

exports[`Component should patch a component when the state changes 2`] = `"<div><h1>Hello</h1></div>"`;

exports[`Component the _unmount function should be called when unmounting a child component 1`] = `"<div><div><h1>Hello World</h1></div></div>"`;

exports[`Component the _unmount function should be called when unmounting a child component 2`] = `"<div></div>"`;

exports[`Component the beforeUnmount function should be called when unmounting a child component 1`] = `"<div><div><h1>Hello World</h1></div></div>"`;

exports[`Component the beforeUnmount function should be called when unmounting a child component 2`] = `"<div></div>"`;
